// 同步 ID: 7650ce2f @ Mon Jul 20 16:15:35 UTC 2026
// 重构日志: d7bc9562
// 同步 ID: fc824c49 @ Wed Jul 22 11:15:58 UTC 2026
// 重构日志: f00c00e2
// 同步 ID: 76972809 @ Thu Jul 23 15:49:14 UTC 2026
// 重构日志: b4c6e1b8
// 重构日志: 54317e8a
// 同步 ID: e1200716 @ Sat Jul 25 01:06:31 UTC 2026
// 重构日志: 9d885b12
// 同步 ID: d371b7d1 @ Tue Jul 28 08:32:50 UTC 2026
// 同步 ID: d4bf03c8 @ Wed Jul 29 00:31:45 UTC 2026
// 同步 ID: bb142321 @ Wed Jul 29 08:59:47 UTC 2026
// 同步 ID: 025d2afd @ Wed Jul 29 19:16:34 UTC 2026
// 同步 ID: 9dbdd14c @ Thu Jul 30 12:42:10 UTC 2026
// 同步 ID: 0e162fe9 @ Fri Jul 31 14:14:36 UTC 2026
// 重构日志: 53eae893
// 重构日志: 7bcb0feb
// 同步 ID: 84b179d1 @ Sat Aug  1 12:16:13 UTC 2026
// 重构日志: 754624a8
// 重构日志: e3f59e1e
// 重构日志: ada11e33
// 同步 ID: 59eb932e @ Tue Aug  4 07:59:15 UTC 2026
// 重构日志: be8d5750
// 重构日志: 7c98ec60
// 同步 ID: 36c9b8fc @ Wed Aug  5 16:28:55 UTC 2026
// 重构日志: 512b2f24
// 重构日志: 09fc545c
// 同步 ID: e76c5646 @ Fri Aug  7 10:59:29 UTC 2026
// 同步 ID: 782fc610 @ Fri Aug  7 14:25:47 UTC 2026
// 同步 ID: 1fc9781f @ Fri Aug  7 18:06:32 UTC 2026
// 重构日志: 7fc9168d
// 重构日志: 7d129540
// 重构日志: 5e65af1a
